Microchip MPLAB XC8 Compiler V2.41

Linker command line:

-W-3 \
  --edf=C:\Program Files\Microchip\xc8\v2.41\pic\dat\20230208172133_en.msgs \
  -cn -h+dist/default/production\pic16f17146-tds-meter.X.production.sym \
  --cmf=dist/default/production\pic16f17146-tds-meter.X.production.cmf -z \
  -Q16F17146 -oC:\Users\direc\AppData\Local\Temp\xcAsark.\driver_tmp_3.o \
  --defsym=__MPLAB_BUILD=1 --fixupoverflow=error \
  -Mdist/default/production/pic16f17146-tds-meter.X.production.map \
  --md=C:\Users\direc\AppData\Local\Temp\xcAsark.\driver_tmp_0.dat -E1 \
  -ver=XC8 Compiler --acfsm=1493 -ACODE=00h-07FFhx8 -ASTRCODE=00h-03FFFh \
  -ASTRING=00h-0FFhx64 -ACONST=00h-0FFhx64 -AENTRY=00h-0FFhx64 \
  -ACOMMON=070h-07Fh -ABANK0=020h-06Fh -ABANK1=0A0h-0EFh \
  -ABANK2=0120h-016Fh -ABANK3=01A0h-01EFh -ABANK4=0220h-026Fh \
  -ABANK5=02A0h-02EFh -ABANK6=0320h-036Fh -ABANK7=03A0h-03EFh \
  -ABANK8=0420h-046Fh -ABANK9=04A0h-04EFh -ABANK10=0520h-056Fh \
  -ABANK11=05A0h-05EFh -ABANK12=0620h-066Fh -ABANK13=06A0h-06EFh \
  -ABANK14=0720h-076Fh -ABANK15=07A0h-07EFh -ABANK16=0820h-086Fh \
  -ABANK17=08A0h-08EFh -ABANK18=0920h-096Fh -ABANK19=09A0h-09EFh \
  -ABANK20=0A20h-0A6Fh -ABANK21=0AA0h-0AEFh -ABANK22=0B20h-0B6Fh \
  -ABANK23=0BA0h-0BEFh -ABANK24=0C20h-0C6Fh -ABANK25=0CA0h-0CBFh \
  -ABIGRAM=02000h-027EFh \
  -ARAM=020h-06Fh,0A0h-0EFh,0120h-016Fh,01A0h-01EFh,0220h-026Fh,02A0h-02EFh,0320h-036Fh,03A0h-03EFh,0420h-046Fh,04A0h-04EFh,0520h-056Fh,05A0h-05EFh,0620h-066Fh,06A0h-06EFh,0720h-076Fh,07A0h-07EFh,0820h-086Fh,08A0h-08EFh,0920h-096Fh,09A0h-09EFh,0A20h-0A6Fh,0AA0h-0AEFh,0B20h-0B6Fh,0BA0h-0BEFh,0C20h-0C6Fh,0CA0h-0CBFh \
  -AABS1=020h-07Fh,0A0h-0EFh,0120h-016Fh,01A0h-01EFh,0220h-026Fh,02A0h-02EFh,0320h-036Fh,03A0h-03EFh,0420h-046Fh,04A0h-04EFh,0520h-056Fh,05A0h-05EFh,0620h-066Fh,06A0h-06EFh,0720h-076Fh,07A0h-07EFh,0820h-086Fh,08A0h-08EFh,0920h-096Fh,09A0h-09EFh,0A20h-0A6Fh,0AA0h-0AEFh,0B20h-0B6Fh,0BA0h-0BEFh,0C20h-0C6Fh,0CA0h-0CBFh \
  -ASFR0=00h-01Fh -ASFR1=080h-09Fh -ASFR2=0100h-011Fh -ASFR3=0180h-019Fh \
  -ASFR4=0200h-021Fh -ASFR5=0280h-029Fh -ASFR6=0300h-031Fh \
  -ASFR7=0380h-039Fh -ASFR8=0400h-041Fh -ASFR9=0480h-049Fh \
  -ASFR10=0500h-051Fh -ASFR11=0580h-059Fh -ASFR12=0600h-061Fh \
  -ASFR13=0680h-069Fh -ASFR14=0700h-071Fh -ASFR15=0780h-079Fh \
  -ASFR16=0800h-081Fh -ASFR17=0880h-089Fh -ASFR18=0900h-091Fh \
  -ASFR19=0980h-099Fh -ASFR20=0A00h-0A1Fh -ASFR21=0A80h-0A9Fh \
  -ASFR22=0B00h-0B1Fh -ASFR23=0B80h-0B9Fh -ASFR24=0C00h-0C1Fh \
  -ASFR25=0C80h-0C9Fh -ASFR26=0D00h-0D6Fh -ASFR27=0D80h-0DEFh \
  -ASFR28=0E00h-0E6Fh -ASFR29=0E80h-0EEFh -ASFR30=0F00h-0F6Fh \
  -ASFR31=0F80h-0FEFh -ASFR32=01000h-0106Fh -ASFR33=01080h-010EFh \
  -ASFR34=01100h-0116Fh -ASFR35=01180h-011EFh -ASFR36=01200h-0126Fh \
  -ASFR37=01280h-012EFh -ASFR38=01300h-0136Fh -ASFR39=01380h-013EFh \
  -ASFR40=01400h-0146Fh -ASFR41=01480h-014EFh -ASFR42=01500h-0156Fh \
  -ASFR43=01580h-015EFh -ASFR44=01600h-0166Fh -ASFR45=01680h-016EFh \
  -ASFR46=01700h-0176Fh -ASFR47=01780h-017EFh -ASFR48=01800h-0186Fh \
  -ASFR49=01880h-018EFh -ASFR50=01900h-0196Fh -ASFR51=01980h-019EFh \
  -ASFR52=01A00h-01A6Fh -ASFR53=01A80h-01AEFh -ASFR54=01B00h-01B6Fh \
  -ASFR55=01B80h-01BEFh -ASFR56=01C00h-01C6Fh -ASFR57=01C80h-01CEFh \
  -ASFR58=01D00h-01D6Fh -ASFR59=01D80h-01DEFh -ASFR60=01E00h-01E6Fh \
  -ASFR61=01E80h-01EEFh -ASFR62=01F00h-01F6Fh -ASFR63=01F80h-01FEFh \
  -ACONFIG=08007h-0800Bh -DCONFIG=2 -AIDLOC=08000h-08003h -DIDLOC=2 \
  -AEEDATA=00h-0FFh/0F000h -peeprom_data=EEDATA -DEEDATA=2 -DCODE=2 \
  -DSTRCODE=2 -DSTRING=2 -DCONST=2 -DENTRY=2 \
  -preset_vec=00h,intentry=04h,init,end_init -ppowerup=CODE -pcinit=CODE \
  -pfunctab=ENTRY -k \
  C:\Users\direc\AppData\Local\Temp\xcAsark.\driver_tmp_20.o \
  dist/default/production\pic16f17146-tds-meter.X.production.o 

Object code version is 3.11

Machine type is 16F17146



                Name                               Link     Load   Length Selector   Space Scale
C:\Users\direc\AppData\Local\Temp\xcAsark.\driver_tmp_20.o
                end_init                             4B       4B        2        8       0
                reset_vec                             0        0        2        0       0
                config                             8007     8007        5        0       4
                idloc                              8000     8000        4        0       5
dist/default/production\pic16f17146-tds-meter.X.production.o
                cinit                                4D       4D       49        8       0
                intentry                              4        4       47        8       0
                config                             8007     8007        5        0       4
                idloc                              8000     8000        4        0       5
                text66                             1FA8     1FA8       11     3F50       0
                text65                             1FCA     1FCA       12     3F94       0
                text64                             1EEF     1EEF        1     3DDE       0
                text63                             1FDC     1FDC       12     3FB8       0
                text62                             1EF0     1EF0        1     3DE0       0
                text61                             1EF8     1EF8        4     3DF0       0
                text60                             1464     1464       75     28C8       0
                text59                             1EF1     1EF1        1     3DE2       0
                text58                             1EF2     1EF2        1     3DE4       0
                text57                             1000     1000        1     1B8A       0
                text56                             1F00     1F00        5     3E00       0
                text55                             1EF5     1EF5        3     3DEA       0
                text54                             1F5D     1F5D        E     3EBA       0
                text53                             102F     102F       16     205E       0
                text51                             127E     127E       5B     24FC       0
                text50                             1231     1231       4D     2462       0
                text49                             1F0C     1F0C        9     3E18       0
                text48                             1EFC     1EFC        4     3DF8       0
                text47                             1EF3     1EF3        2     3DE6       0
                text46                                2        2        2        0       0
                text45                             14D9     14D9       78     29B2       0
                text44                             1006     1006       14     200C       0
                text43                             13F3     13F3       71     27E6       0
                text42                              BC5      BC5      200     178A       0
                text41                             1110     1110       24     2220       0
                text40                              DC5      DC5      23B     1B8A       0
                text39                              5F8      5F8      208        8       0
                text38                             10CF     10CF       20     219E       0
                text37                             1672     1672       AB     2CE4       0
                text36                               96       96      562        8       0
                text35                              A2D      A2D      198     145A       0
                text34                             1336     1336       5E     266C       0
                text33                             171D     171D       E3     2E3A       0
                text32                             10EF     10EF       21     21DE       0
                text31                             1F15     1F15        9     3E2A       0
                text30                             1045     1045       17     208A       0
                text29                              800      800        B        8       0
                text28                             1F6B     1F6B        F     3ED6       0
                text27                             1F7A     1F7A        F     3EF4       0
                text26                             1F89     1F89        F     3F12       0
                text25                             115B     115B       2D     22B6       0
                text24                             1F1E     1F1E        9     3E3C       0
                text23                             1F39     1F39        C     3E72       0
                text22                             1F45     1F45        C     3E8A       0
                text21                             11F5     11F5       3C     23EA       0
                text20                             101A     101A       15     2034       0
                text19                             1F27     1F27        9     3E4E       0
                text18                             1F30     1F30        9     3E60       0
                text17                             10B0     10B0       1F     2160       0
                text16                             1076     1076       1C     20EC       0
                text15                             1FEE     1FEE       12     3FDC       0
                text14                             1001     1001        5     2002       0
                text13                             1FB9     1FB9       11     3F72       0
                text12                             1394     1394       5F     2728       0
                text11                             105C     105C       1A     20B8       0
                text10                             15CD     15CD       A5     2B9A       0
                text9                              12D9     12D9       5D     25B2       0
                text8                               80B      80B       3D     1016       0
                text7                              1188     1188       35     2310       0
                text6                              1134     1134       27     2268       0
                text5                              11BD     11BD       38     237A       0
                text4                              1551     1551       7C     2AA2       0
                text3                               938      938       F5     1270       0
                text2                              1092     1092       1E     2124       0
                text1                              1F98     1F98       10     3F30       0
                maintext                            848      848       F0     1090       0
                cstackBANK0                          20       20       50       20       1
                cstackCOMMON                         76       76        6       70       1
                cstackBANK1                          A0       A0       2E       A0       1
                cstackBANK2                         120      120       42      120       1
                clrtext                            1F51     1F51        C     3EA2       0
                dataBANK3                           1D3      1D3        7      1A0       1
                bssBANK3                            1A0      1A0       33      1A0       1
                bssBANK2                            162      162        A      120       1
                bssBANK1                             CE       CE       22       A0       1
                bssCOMMON                            70       70        6       70       1
                stringtext16                       2030     2030        4     4000       0
                stringtext15                       18CE     18CE       12     3000       0
                stringtext14                       18B8     18B8       16     3000       0
                stringtext13                       18A1     18A1       17     3000       0
                stringtext12                       1887     1887       1A     3000       0
                stringtext11                       186A     186A       1D     3000       0
                stringtext10                       1800     1800       3A     3000       0
                nvBANK2                             16C      16C        2      120       1
                stringtext9                        202C     202C        4     4000       0
                stringtext8                        2028     2028        4     4000       0
                stringtext7                        2024     2024        4     4000       0
                stringtext6                        2020     2020        4     4000       0
                stringtext5                        201C     201C        4     4000       0
                stringtext4                        2018     2018        4     4000       0
                stringtext3                        200C     200C        C     4000       0
                stringtext2                        2000     2000        C     4000       0
                stringtext1                        183A     183A       30     3000       0
                idataBANK3                         1F05     1F05        7     3E0A       0

TOTAL           Name                               Link     Load   Length     Space
        CLASS   CODE           
                end_init                             4B       4B        2         0
                cinit                                4D       4D       49         0
                intentry                              4        4       47         0
                reset_vec                             0        0        2         0
                text66                             1FA8     1FA8       11         0
                text65                             1FCA     1FCA       12         0
                text64                             1EEF     1EEF        1         0
                text63                             1FDC     1FDC       12         0
                text62                             1EF0     1EF0        1         0
                text61                             1EF8     1EF8        4         0
                text60                             1464     1464       75         0
                text59                             1EF1     1EF1        1         0
                text58                             1EF2     1EF2        1         0
                text57                             1000     1000        1         0
                text56                             1F00     1F00        5         0
                text55                             1EF5     1EF5        3         0
                text54                             1F5D     1F5D        E         0
                text53                             102F     102F       16         0
                text51                             127E     127E       5B         0
                text50                             1231     1231       4D         0
                text49                             1F0C     1F0C        9         0
                text48                             1EFC     1EFC        4         0
                text47                             1EF3     1EF3        2         0
                text46                                2        2        2         0
                text45                             14D9     14D9       78         0
                text44                             1006     1006       14         0
                text43                             13F3     13F3       71         0
                text42                              BC5      BC5      200         0
                text41                             1110     1110       24         0
                text40                              DC5      DC5      23B         0
                text39                              5F8      5F8      208         0
                text38                             10CF     10CF       20         0
                text37                             1672     1672       AB         0
                text36                               96       96      562         0
                text35                              A2D      A2D      198         0
                text34                             1336     1336       5E         0
                text33                             171D     171D       E3         0
                text32                             10EF     10EF       21         0
                text31                             1F15     1F15        9         0
                text30                             1045     1045       17         0
                text29                              800      800        B         0
                text28                             1F6B     1F6B        F         0
                text27                             1F7A     1F7A        F         0
                text26                             1F89     1F89        F         0
                text25                             115B     115B       2D         0
                text24                             1F1E     1F1E        9         0
                text23                             1F39     1F39        C         0
                text22                             1F45     1F45        C         0
                text21                             11F5     11F5       3C         0
                text20                             101A     101A       15         0
                text19                             1F27     1F27        9         0
                text18                             1F30     1F30        9         0
                text17                             10B0     10B0       1F         0
                text16                             1076     1076       1C         0
                text15                             1FEE     1FEE       12         0
                text14                             1001     1001        5         0
                text13                             1FB9     1FB9       11         0
                text12                             1394     1394       5F         0
                text11                             105C     105C       1A         0
                text10                             15CD     15CD       A5         0
                text9                              12D9     12D9       5D         0
                text8                               80B      80B       3D         0
                text7                              1188     1188       35         0
                text6                              1134     1134       27         0
                text5                              11BD     11BD       38         0
                text4                              1551     1551       7C         0
                text3                               938      938       F5         0
                text2                              1092     1092       1E         0
                text1                              1F98     1F98       10         0
                maintext                            848      848       F0         0
                clrtext                            1F51     1F51        C         0
                idataBANK3                         1F05     1F05        7         0

        CLASS   STRCODE        
                stringtext16                       2030     2030        4         0
                stringtext15                       18CE     18CE       12         0
                stringtext14                       18B8     18B8       16         0
                stringtext13                       18A1     18A1       17         0
                stringtext12                       1887     1887       1A         0
                stringtext11                       186A     186A       1D         0
                stringtext10                       1800     1800       3A         0
                stringtext9                        202C     202C        4         0
                stringtext8                        2028     2028        4         0
                stringtext7                        2024     2024        4         0
                stringtext6                        2020     2020        4         0
                stringtext5                        201C     201C        4         0
                stringtext4                        2018     2018        4         0
                stringtext3                        200C     200C        C         0
                stringtext2                        2000     2000        C         0
                stringtext1                        183A     183A       30         0

        CLASS   STRING         

        CLASS   CONST          

        CLASS   ENTRY          

        CLASS   COMMON         
                cstackCOMMON                         76       76        6         1
                bssCOMMON                            70       70        6         1

        CLASS   BANK0          
                cstackBANK0                          20       20       50         1

        CLASS   BANK1          
                cstackBANK1                          A0       A0       2E         1
                bssBANK1                             CE       CE       22         1

        CLASS   BANK2          
                cstackBANK2                         120      120       42         1
                bssBANK2                            162      162        A         1
                nvBANK2                             16C      16C        2         1

        CLASS   BANK3          
                dataBANK3                           1D3      1D3        7         1
                bssBANK3                            1A0      1A0       33         1

        CLASS   BANK4          

        CLASS   BANK5          

        CLASS   BANK6          

        CLASS   BANK7          

        CLASS   BANK8          

        CLASS   BANK9          

        CLASS   BANK10         

        CLASS   BANK11         

        CLASS   BANK12         

        CLASS   BANK13         

        CLASS   BANK14         

        CLASS   BANK15         

        CLASS   BANK16         

        CLASS   BANK17         

        CLASS   BANK18         

        CLASS   BANK19         

        CLASS   BANK20         

        CLASS   BANK21         

        CLASS   BANK22         

        CLASS   BANK23         

        CLASS   BANK24         

        CLASS   BANK25         

        CLASS   BIGRAM         

        CLASS   RAM            

        CLASS   ABS1           
                abs_s1                               7E       7E        2         1
                abs_s1                              A50      A50       20         1
                abs_s1                              AA0      AA0       50         1
                abs_s1                              B20      B20       50         1
                abs_s1                              BA0      BA0       50         1
                abs_s1                              C20      C20       50         1
                abs_s1                              CA0      CA0       20         1
                abs_s1                             2670     2670        0         1
                abs_s1                             2770     2770        0         1

        CLASS   SFR0           

        CLASS   SFR1           

        CLASS   SFR2           

        CLASS   SFR3           

        CLASS   SFR4           

        CLASS   SFR5           

        CLASS   SFR6           

        CLASS   SFR7           

        CLASS   SFR8           

        CLASS   SFR9           

        CLASS   SFR10          

        CLASS   SFR11          

        CLASS   SFR12          

        CLASS   SFR13          

        CLASS   SFR14          

        CLASS   SFR15          

        CLASS   SFR16          

        CLASS   SFR17          

        CLASS   SFR18          

        CLASS   SFR19          

        CLASS   SFR20          

        CLASS   SFR21          

        CLASS   SFR22          

        CLASS   SFR23          

        CLASS   SFR24          

        CLASS   SFR25          

        CLASS   SFR26          

        CLASS   SFR27          

        CLASS   SFR28          

        CLASS   SFR29          

        CLASS   SFR30          

        CLASS   SFR31          

        CLASS   SFR32          

        CLASS   SFR33          

        CLASS   SFR34          

        CLASS   SFR35          

        CLASS   SFR36          

        CLASS   SFR37          

        CLASS   SFR38          

        CLASS   SFR39          

        CLASS   SFR40          

        CLASS   SFR41          

        CLASS   SFR42          

        CLASS   SFR43          

        CLASS   SFR44          

        CLASS   SFR45          

        CLASS   SFR46          

        CLASS   SFR47          

        CLASS   SFR48          

        CLASS   SFR49          

        CLASS   SFR50          

        CLASS   SFR51          

        CLASS   SFR52          

        CLASS   SFR53          

        CLASS   SFR54          

        CLASS   SFR55          

        CLASS   SFR56          

        CLASS   SFR57          

        CLASS   SFR58          

        CLASS   SFR59          

        CLASS   SFR60          

        CLASS   SFR61          

        CLASS   SFR62          

        CLASS   SFR63          

        CLASS   CONFIG         
                config                             8007     8007        5         4

        CLASS   IDLOC          
                idloc                              8000     8000        4         5

        CLASS   EEDATA         

        CLASS   BANK63         

        CLASS   BANK62         

        CLASS   BANK61         

        CLASS   BANK60         

        CLASS   BANK59         

        CLASS   BANK58         

        CLASS   BANK57         

        CLASS   BANK56         

        CLASS   BANK55         

        CLASS   BANK54         

        CLASS   BANK53         

        CLASS   BANK52         

        CLASS   BANK51         

        CLASS   BANK50         

        CLASS   BANK49         

        CLASS   BANK48         

        CLASS   BANK47         

        CLASS   BANK46         

        CLASS   BANK45         

        CLASS   BANK44         

        CLASS   BANK43         

        CLASS   BANK42         

        CLASS   BANK41         

        CLASS   BANK40         

        CLASS   BANK39         

        CLASS   BANK38         

        CLASS   BANK37         

        CLASS   BANK36         

        CLASS   BANK35         

        CLASS   BANK34         

        CLASS   BANK33         

        CLASS   BANK32         

        CLASS   BANK31         

        CLASS   BANK30         

        CLASS   BANK29         

        CLASS   BANK28         

        CLASS   BANK27         

        CLASS   BANK26         

        CLASS   HEAP           

        CLASS   STACK          



SEGMENTS        Name                           Load    Length   Top    Selector   Space  Class     Delta

                reset_vec                      000000  000004  000004         0       0  CODE        2
                intentry                       000004  000807  00080B         8       0  CODE        2
                cstackBANK0                    000020  000050  000070        20       1  BANK0       1
                bssCOMMON                      000070  00000C  00007C        70       1  COMMON      1
                cstackBANK1                    0000A0  000050  0000F0        A0       1  BANK1       1
                cstackBANK2                    000120  00004E  00016E       120       1  BANK2       1
                bssBANK3                       0001A0  00003A  0001DA       1A0       1  BANK3       1
                text8                          00080B  00003D  000848      1016       0  CODE        2
                maintext                       000848  0000F0  000938      1090       0  CODE        2
                text3                          000938  0000F5  000A2D      1270       0  CODE        2
                text35                         000A2D  000198  000BC5      145A       0  CODE        2
                text42                         000BC5  000200  000DC5      178A       0  CODE        2
                text40                         000DC5  00023C  001001      1B8A       0  CODE        2
                text14                         001001  000005  001006      2002       0  CODE        2
                text44                         001006  000014  00101A      200C       0  CODE        2
                text20                         00101A  000015  00102F      2034       0  CODE        2
                text53                         00102F  000016  001045      205E       0  CODE        2
                text30                         001045  000017  00105C      208A       0  CODE        2
                text11                         00105C  00001A  001076      20B8       0  CODE        2
                text16                         001076  00001C  001092      20EC       0  CODE        2
                text2                          001092  00001E  0010B0      2124       0  CODE        2
                text17                         0010B0  00001F  0010CF      2160       0  CODE        2
                text38                         0010CF  000020  0010EF      219E       0  CODE        2
                text32                         0010EF  000021  001110      21DE       0  CODE        2
                text41                         001110  000024  001134      2220       0  CODE        2
                text6                          001134  000027  00115B      2268       0  CODE        2
                text25                         00115B  00002D  001188      22B6       0  CODE        2
                text7                          001188  000035  0011BD      2310       0  CODE        2
                text5                          0011BD  000038  0011F5      237A       0  CODE        2
                text21                         0011F5  00003C  001231      23EA       0  CODE        2
                text50                         001231  00004D  00127E      2462       0  CODE        2
                text51                         00127E  00005B  0012D9      24FC       0  CODE        2
                text9                          0012D9  00005D  001336      25B2       0  CODE        2
                text34                         001336  00005E  001394      266C       0  CODE        2
                text12                         001394  00005F  0013F3      2728       0  CODE        2
                text43                         0013F3  000071  001464      27E6       0  CODE        2
                text60                         001464  000075  0014D9      28C8       0  CODE        2
                text45                         0014D9  000078  001551      29B2       0  CODE        2
                text4                          001551  00007C  0015CD      2AA2       0  CODE        2
                text10                         0015CD  0000A5  001672      2B9A       0  CODE        2
                text37                         001672  0000AB  00171D      2CE4       0  CODE        2
                text33                         00171D  0000E3  001800      2E3A       0  CODE        2
                stringtext10                   001800  0000E0  0018E0      3000       0  STRCODE     2
                text64                         001EEF  000001  001EF0      3DDE       0  CODE        2
                text62                         001EF0  000001  001EF1      3DE0       0  CODE        2
                text59                         001EF1  000001  001EF2      3DE2       0  CODE        2
                text58                         001EF2  000001  001EF3      3DE4       0  CODE        2
                text47                         001EF3  000002  001EF5      3DE6       0  CODE        2
                text55                         001EF5  000003  001EF8      3DEA       0  CODE        2
                text61                         001EF8  000004  001EFC      3DF0       0  CODE        2
                text48                         001EFC  000004  001F00      3DF8       0  CODE        2
                text56                         001F00  000005  001F05      3E00       0  CODE        2
                idataBANK3                     001F05  000007  001F0C      3E0A       0  CODE        2
                text49                         001F0C  000009  001F15      3E18       0  CODE        2
                text31                         001F15  000009  001F1E      3E2A       0  CODE        2
                text24                         001F1E  000009  001F27      3E3C       0  CODE        2
                text19                         001F27  000009  001F30      3E4E       0  CODE        2
                text18                         001F30  000009  001F39      3E60       0  CODE        2
                text23                         001F39  00000C  001F45      3E72       0  CODE        2
                text22                         001F45  00000C  001F51      3E8A       0  CODE        2
                clrtext                        001F51  00000C  001F5D      3EA2       0  CODE        2
                text54                         001F5D  00000E  001F6B      3EBA       0  CODE        2
                text28                         001F6B  00000F  001F7A      3ED6       0  CODE        2
                text27                         001F7A  00000F  001F89      3EF4       0  CODE        2
                text26                         001F89  00000F  001F98      3F12       0  CODE        2
                text1                          001F98  000010  001FA8      3F30       0  CODE        2
                text66                         001FA8  000011  001FB9      3F50       0  CODE        2
                text13                         001FB9  000011  001FCA      3F72       0  CODE        2
                text65                         001FCA  000012  001FDC      3F94       0  CODE        2
                text63                         001FDC  000012  001FEE      3FB8       0  CODE        2
                text15                         001FEE  000012  002000      3FDC       0  CODE        2
                stringtext2                    002000  000034  002034      4000       0  STRCODE     2


UNUSED ADDRESS RANGES

        Name                Unused          Largest block    Delta
        BANK10           00520-0056F              50           1
        BANK11           005A0-005EF              50           1
        BANK12           00620-0066F              50           1
        BANK13           006A0-006EF              50           1
        BANK14           00720-0076F              50           1
        BANK15           007A0-007EF              50           1
        BANK16           00820-0086F              50           1
        BANK17           008A0-008EF              50           1
        BANK18           00920-0096F              50           1
        BANK19           009A0-009EF              50           1
        BANK2            0016E-0016F               2           1
        BANK20           00A20-00A4F              30           1
        BANK3            001DA-001EF              16           1
        BANK4            00220-0026F              50           1
        BANK5            002A0-002EF              50           1
        BANK6            00320-0036F              50           1
        BANK7            003A0-003EF              50           1
        BANK8            00420-0046F              50           1
        BANK9            004A0-004EF              50           1
        BIGRAM           02000-027EF             7F0           1
        CODE             018E0-01EEE             60F           2
                         02034-03FFF             800
        COMMON           0007C-0007D               2           1
        CONST            018E0-01EEE             100           2
                         02034-03FFF             100
        EEDATA           0F000-0F0FF             100           2
        ENTRY            018E0-01EEE             100           2
                         02034-03FFF             100
        RAM              0016E-0016F               2           1
                         001DA-001EF              16
                         00220-0026F              50
                         002A0-002EF              50
                         00320-0036F              50
                         003A0-003EF              50
                         00420-0046F              50
                         004A0-004EF              50
                         00520-0056F              50
                         005A0-005EF              50
                         00620-0066F              50
                         006A0-006EF              50
                         00720-0076F              50
                         007A0-007EF              50
                         00820-0086F              50
                         008A0-008EF              50
                         00920-0096F              50
                         009A0-009EF              50
                         00A20-00A4F              30
        SFR0             00000-0001F              20           1
        SFR1             00080-0009F              20           1
        SFR10            00500-0051F              20           1
        SFR11            00580-0059F              20           1
        SFR12            00600-0061F              20           1
        SFR13            00680-0069F              20           1
        SFR14            00700-0071F              20           1
        SFR15            00780-0079F              20           1
        SFR16            00800-0081F              20           1
        SFR17            00880-0089F              20           1
        SFR18            00900-0091F              20           1
        SFR19            00980-0099F              20           1
        SFR2             00100-0011F              20           1
        SFR20            00A00-00A1F              20           1
        SFR21            00A80-00A9F              20           1
        SFR22            00B00-00B1F              20           1
        SFR23            00B80-00B9F              20           1
        SFR24            00C00-00C1F              20           1
        SFR25            00C80-00C9F              20           1
        SFR26            00D00-00D6F              70           1
        SFR27            00D80-00DEF              70           1
        SFR28            00E00-00E6F              70           1
        SFR29            00E80-00EEF              70           1
        SFR3             00180-0019F              20           1
        SFR30            00F00-00F6F              70           1
        SFR31            00F80-00FEF              70           1
        SFR32            01000-0106F              70           1
        SFR33            01080-010EF              70           1
        SFR34            01100-0116F              70           1
        SFR35            01180-011EF              70           1
        SFR36            01200-0126F              70           1
        SFR37            01280-012EF              70           1
        SFR38            01300-0136F              70           1
        SFR39            01380-013EF              70           1
        SFR4             00200-0021F              20           1
        SFR40            01400-0146F              70           1
        SFR41            01480-014EF              70           1
        SFR42            01500-0156F              70           1
        SFR43            01580-015EF              70           1
        SFR44            01600-0166F              70           1
        SFR45            01680-016EF              70           1
        SFR46            01700-0176F              70           1
        SFR47            01780-017EF              70           1
        SFR48            01800-0186F              70           1
        SFR49            01880-018EF              70           1
        SFR5             00280-0029F              20           1
        SFR50            01900-0196F              70           1
        SFR51            01980-019EF              70           1
        SFR52            01A00-01A6F              70           1
        SFR53            01A80-01AEF              70           1
        SFR54            01B00-01B6F              70           1
        SFR55            01B80-01BEF              70           1
        SFR56            01C00-01C6F              70           1
        SFR57            01C80-01CEF              70           1
        SFR58            01D00-01D6F              70           1
        SFR59            01D80-01DEF              70           1
        SFR6             00300-0031F              20           1
        SFR60            01E00-01E6F              70           1
        SFR61            01E80-01EEF              70           1
        SFR62            01F00-01F6F              70           1
        SFR63            01F80-01FEF              70           1
        SFR7             00380-0039F              20           1
        SFR8             00400-0041F              20           1
        SFR9             00480-0049F              20           1
        STRCODE          018E0-01EEE             60F           2
                         02034-03FFF            1FCC
        STRING           018E0-01EEE             100           2
                         02034-03FFF             100

                                  Symbol Table

?_ADCC_GetSingleConversion                           cstackBANK0  00020
?_CCP1_GetCapturedCount                              cstackBANK0  00020
?_GetCapturedFrequency                               cstackBANK0  0002E
?_GetCapturedTimePeriod                              cstackBANK0  00022
?_GetTdsProbeTemperature                             cstackBANK1  000BA
?_GetTempCompensatedConductivityValue                cstackBANK0  0005C
?_GetWaterTDS                                        cstackBANK0  00066
?__Umul8_16                                          cstackBANK0  00020
?___fladd                                            cstackBANK0  00048
?___fldiv                                            cstackBANK0  00064
?___flmul                                            cstackBANK0  0002E
?___flsub                                            cstackBANK0  0005C
?___fltol                                            cstackBANK0  00048
?___lldiv                                            cstackBANK0  00020
?___lwdiv                                            cstackBANK0  00020
?___lwmod                                            cstackBANK0  00020
?___xxtofl                                           cstackBANK0  00020
?_logf                                               cstackBANK0  0006C
?_printf                                             cstackBANK0  00060
?_strlen                                             cstackBANK0  00020
?_strncmp                                            cstackBANK0  00020
?_vfprintf                                           cstackBANK0  00058
ADCC_GetSingleConversion@channel                     cstackBANK0  00022
CCP1_CaptureISR@module                               cstackCOMMON 0007A
CCP1_SetCallBack@customCallBack                      cstackBANK0  00020
CCP1_UserCallBack@capturedValue                      cstackCOMMON 00078
EUSART1_FramingErrorCallbackRegister@callbackHandler cstackBANK0  00020
EUSART1_OverrunErrorCallbackRegister@callbackHandler cstackBANK0  00020
EUSART1_ReceiveISR@regValue                          cstackCOMMON 0007A
EUSART1_ReceiveISR@tempRxHead                        cstackCOMMON 0007B
EUSART1_RxCompleteCallbackRegister@callbackHandler   cstackBANK0  00020
EUSART1_Write@txData                                 cstackBANK0  00020
GetCapturedFrequency@capturedTimeIn_us               cstackBANK0  0002E
GetCapturedFrequency@fq                              cstackBANK0  0003A
GetCapturedTimePeriod@CCP_captureCount               cstackBANK0  0002E
GetCapturedTimePeriod@TMR1_overflowCount             cstackBANK0  00038
GetCapturedTimePeriod@capturedTimePeriod             cstackBANK0  00030
GetCapturedTimePeriod@tmr1TotalCount                 cstackBANK0  00034
GetTdsProbeTemperature@adcCount                      cstackBANK1  000C8
GetTdsProbeTemperature@probeTemperature              cstackBANK1  000CA
GetTempCompensatedConductivityValue@conductivity     cstackBANK0  0005C
GetTempCompensatedConductivityValue@temperature      cstackBANK0  00060
GetWaterTDS@capturedFq                               cstackBANK0  00066
GetWaterTDS@conductivity                             cstackBANK1  000A6
GetWaterTDS@temperature                              cstackBANK0  0006A
GetWaterTDS@waterTDS                                 cstackBANK1  000A0
INT_SetInterruptHandler@InterruptHandler             cstackBANK0  00020
Timer0_OverflowCallbackRegister@CallbackHandler      cstackBANK0  00020
Timer1_OverflowCallbackRegister@CallbackHandler      cstackBANK0  00020
Timer1_Write@timerVal                                cstackCOMMON 00076
_ACTCON                                              (abs)        00294
_ADACCH                                              (abs)        01D17
_ADACCL                                              (abs)        01D16
_ADACCU                                              (abs)        01D18
_ADACQH                                              (abs)        01D22
_ADACQL                                              (abs)        01D21
_ADACT                                               (abs)        01D2C
_ADACTPPS                                            (abs)        01E50
_ADCAP                                               (abs)        01D23
_ADCC_GetSingleConversion                            text44       01006
_ADCC_Initialize                                     text32       010EF
_ADCG1A                                              (abs)        01D2E
_ADCG1B                                              (abs)        01D2F
_ADCG1C                                              (abs)        01D30
_ADCLK                                               (abs)        01D2D
_ADCNT                                               (abs)        01D19
_ADCON0                                              (abs)        01D26
_ADCON0bits                                          (abs)        01D26
_ADCON1                                              (abs)        01D27
_ADCON1bits                                          (abs)        01D27
_ADCON2                                              (abs)        01D28
_ADCON2bits                                          (abs)        01D28
_ADCON3                                              (abs)        01D29
_ADCON3bits                                          (abs)        01D29
_ADERRH                                              (abs)        01D11
_ADERRL                                              (abs)        01D10
_ADFLTRH                                             (abs)        01D15
_ADFLTRL                                             (abs)        01D14
_ADLTHH                                              (abs)        01D0D
_ADLTHL                                              (abs)        01D0C
_ADNCH                                               (abs)        01D20
_ADPCH                                               (abs)        01D1F
_ADPREH                                              (abs)        01D25
_ADPREL                                              (abs)        01D24
_ADPREVH                                             (abs)        01D1C
_ADPREVL                                             (abs)        01D1B
_ADREF                                               (abs)        01D2B
_ADRESH                                              (abs)        01D1E
_ADRESL                                              (abs)        01D1D
_ADRPT                                               (abs)        01D1A
_ADSTAT                                              (abs)        01D2A
_ADSTATbits                                          (abs)        01D2A
_ADSTPTH                                             (abs)        01D13
_ADSTPTL                                             (abs)        01D12
_ADUTHH                                              (abs)        01D0F
_ADUTHL                                              (abs)        01D0E
_ANSELA                                              (abs)        01E8C
_ANSELB                                              (abs)        01E96
_ANSELC                                              (abs)        01EA0
_BAUD1CON                                            (abs)        00712
_BAUD1CONbits                                        (abs)        00712
_CCP1CAP                                             (abs)        0040F
_CCP1CON                                             (abs)        0040E
_CCP1PPS                                             (abs)        01E1E
_CCP1_CallBack                                       nvBANK2      0016C
_CCP1_CaptureISR                                     text63       01FDC
_CCP1_DefaultCallBack                                text64       01EEF
_CCP1_GetCapturedCount                               text49       01F0C
_CCP1_Initialize                                     text30       01045
_CCP1_ResetCapturedCount                             text48       01EFC
_CCP1_SetCallBack                                    text31       01F15
_CCP1_UserCallBack                                   text65       01FCA
_CCPR1H                                              (abs)        0040D
_CCPR1L                                              (abs)        0040C
_CCPTMRS0bits                                        (abs)        0041F
_CCP_capturedValue                                   bssBANK1     000DA
_CLOCK_Initialize                                    text29       00800
_EUSART1_AutoBaudQuery                               (abs)        00000
_EUSART1_AutoBaudSet                                 (abs)        00000
_EUSART1_DefaultFramingErrorCallback                 text62       01EF0
_EUSART1_DefaultOverrunErrorCallback                 text61       01EF8
_EUSART1_Deinitialize                                (abs)        00000
_EUSART1_ErrorGet                                    (abs)        00000
_EUSART1_FramingErrorCallbackRegister                text28       01F6B
_EUSART1_FramingErrorHandler                         bssBANK1     000DE
_EUSART1_Initialize                                  text25       0115B
_EUSART1_IsRxReady                                   (abs)        00000
_EUSART1_IsTxDone                                    (abs)        00000
_EUSART1_IsTxReady                                   text15       01FEE
_EUSART1_IsTxReady$1983                              cstackBANK0  00020
_EUSART1_OverrunErrorCallbackRegister                text27       01F7A
_EUSART1_OverrunErrorHandler                         bssBANK1     000DC
_EUSART1_Read                                        (abs)        00000
_EUSART1_ReceiveISR                                  text60       01464
_EUSART1_RxCompleteCallbackRegister                  text26       01F89
_EUSART1_RxInterruptHandler                          bssBANK1     000EC
_EUSART1_TransmitDisable                             (abs)        00000
_EUSART1_TransmitEnable                              (abs)        00000
_EUSART1_Write                                       text14       01001
_GetCapturedFrequency                                text50       01231
_GetCapturedTimePeriod                               text45       014D9
_GetTdsProbeTemperature                              text35       00A2D
_GetTdsProbeTemperature$3210                         cstackBANK1  000BC
_GetTdsProbeTemperature$3211                         cstackBANK1  000C0
_GetTdsProbeTemperature$3212                         cstackBANK1  000C4
_GetTempCompensatedConductivityValue                 text34       01336
_GetTempCompensatedConductivityValue$3214            cstackBANK0  00062
_GetWaterTDS                                         text33       0171D
_GetWaterTDS$3213                                    cstackBANK1  000A2
_INLVLA                                              (abs)        01E90
_INLVLB                                              (abs)        01E9A
_INLVLC                                              (abs)        01EA4
_INTCONbits                                          (abs)        0000B
_INTERRUPT_Initialize                                text23       01F39
_INTERRUPT_InterruptManager                          intentry     00004
_INT_DefaultInterruptHandler                         (abs)        00000
_INT_InterruptHandler                                bssBANK1     000EA
_INT_SetInterruptHandler                             text24       01F1E
_IOCAF                                               (abs)        01E93
_IOCAN                                               (abs)        01E92
_IOCAP                                               (abs)        01E91
_IOCBF                                               (abs)        01E9D
_IOCBN                                               (abs)        01E9C
_IOCBP                                               (abs)        01E9B
_IOCCF                                               (abs)        01EA7
_IOCCN                                               (abs)        01EA6
_IOCCP                                               (abs)        01EA5
_LATA                                                (abs)        00018
_LATB                                                (abs)        00019
_LATC                                                (abs)        0001A
_ODCONA                                              (abs)        01E8E
_ODCONB                                              (abs)        01E98
_ODCONC                                              (abs)        01EA2
_OPA1CON0                                            (abs)        0090C
_OPA1CON0bits                                        (abs)        0090C
_OPA1CON1                                            (abs)        0090D
_OPA1CON1bits                                        (abs)        0090D
_OPA1CON2                                            (abs)        0090E
_OPA1CON2bits                                        (abs)        0090E
_OPA1CON3                                            (abs)        0090F
_OPA1CON3bits                                        (abs)        0090F
_OPA1HWC                                             (abs)        00910
_OPA1HWCbits                                         (abs)        00910
_OPA1OFFSET                                          (abs)        00911
_OPA1ORS                                             (abs)        00912
_OPA1_Initialize                                     text22       01F45
_OSCCON1                                             (abs)        0028D
_OSCCON3                                             (abs)        0028F
_OSCEN                                               (abs)        00291
_OSCFRQ                                              (abs)        00293
_OSCTUNE                                             (abs)        00292
_PIE0bits                                            (abs)        00096
_PIE1bits                                            (abs)        00097
_PIE2bits                                            (abs)        00098
_PIE4bits                                            (abs)        0009A
_PIN_MANAGER_IOC                                     text59       01EF1
_PIN_MANAGER_Initialize                              text21       011F5
_PIR0bits                                            (abs)        0008C
_PIR1bits                                            (abs)        0008D
_PIR2bits                                            (abs)        0008E
_PIR4bits                                            (abs)        00090
_PIR6bits                                            (abs)        00092
_RB7PPS                                              (abs)        01D9B
_RC1REG                                              (abs)        0070C
_RC1STA                                              (abs)        00710
_RC1STAbits                                          (abs)        00710
_RC4PPS                                              (abs)        01DA0
_RX1PPS                                              (abs)        01E42
_SLRCONA                                             (abs)        01E8F
_SLRCONB                                             (abs)        01E99
_SLRCONC                                             (abs)        01EA3
_SP1BRGH                                             (abs)        0070F
_SP1BRGL                                             (abs)        0070E
_SYSTEM_Initialize                                   text16       01076
_T0CON0                                              (abs)        0019E
_T0CON0bits                                          (abs)        0019E
_T0CON1                                              (abs)        0019F
_T1CLK                                               (abs)        00311
_T1CON                                               (abs)        0030E
_T1CONbits                                           (abs)        0030E
_T1GATE                                              (abs)        00310
_T1GCON                                              (abs)        0030F
_T1GCONbits                                          (abs)        0030F
_TMR0H                                               (abs)        0019D
_TMR0L                                               (abs)        0019C
_TMR0_UserOverflowCallback                           text55       01EF5
_TMR0_overflowFlag                                   bssCOMMON    00071
_TMR1H                                               (abs)        0030D
_TMR1L                                               (abs)        0030C
_TMR1_GetOverflowCount                               text47       01EF3
_TMR1_ResetOverflowCount                             text46       00002
_TMR1_UserOverflowCallback                           text56       01F00
_TMR1_overflow                                       bssCOMMON    00072
_TMR1_overflowValue                                  bssCOMMON    00070
_TRISA                                               (abs)        00012
_TRISB                                               (abs)        00013
_TRISC                                               (abs)        00014
_TX1REG                                              (abs)        0070D
_TX1STA                                              (abs)        00711
_TX1STAbits                                          (abs)        00711
_Timer0                                              stringtext2  02000
_Timer0_DefaultOverflowCallback                      text57       01000
_Timer0_Initialize                                   text20       0101A
_Timer0_OverflowCallback                             bssBANK1     000E2
_Timer0_OverflowCallbackRegister                     text18       01F30
_Timer0_OverflowISR                                  text54       01F5D
_Timer0_Reload                                       (abs)        00000
_Timer0_Start                                        (abs)        00000
_Timer0_Stop                                         (abs)        00000
_Timer1                                              stringtext3  0200C
_Timer1_DefaultOverflowCallback                      text58       01EF2
_Timer1_Initialize                                   text17       010B0
_Timer1_OverflowCallback                             bssBANK1     000E4
_Timer1_OverflowCallbackRegister                     text19       01F27
_Timer1_OverflowISR                                  text53       0102F
_Timer1_PeriodCountSet                               (abs)        00000
_Timer1_Start                                        (abs)        00000
_Timer1_Stop                                         (abs)        00000
_Timer1_Write                                        text66       01FA8
_WPUA                                                (abs)        01E8D
_WPUB                                                (abs)        01E97
_WPUC                                                (abs)        01EA1
__H__absolute__                                      __absolute__ 00000
__Habs1                                              abs1         00000
__Hbank0                                             bank0        00000
__Hbank1                                             bank1        00000
__Hbank10                                            bank10       00000
__Hbank11                                            bank11       00000
__Hbank12                                            bank12       00000
__Hbank13                                            bank13       00000
__Hbank14                                            bank14       00000
__Hbank15                                            bank15       00000
__Hbank16                                            bank16       00000
__Hbank17                                            bank17       00000
__Hbank18                                            bank18       00000
__Hbank19                                            bank19       00000
__Hbank2                                             bank2        00000
__Hbank20                                            bank20       00000
__Hbank21                                            bank21       00000
__Hbank22                                            bank22       00000
__Hbank23                                            bank23       00000
__Hbank24                                            bank24       00000
__Hbank25                                            bank25       00000
__Hbank26                                            bank26       00000
__Hbank27                                            bank27       00000
__Hbank28                                            bank28       00000
__Hbank29                                            bank29       00000
__Hbank3                                             bank3        00000
__Hbank30                                            bank30       00000
__Hbank31                                            bank31       00000
__Hbank32                                            bank32       00000
__Hbank33                                            bank33       00000
__Hbank34                                            bank34       00000
__Hbank35                                            bank35       00000
__Hbank36                                            bank36       00000
__Hbank37                                            bank37       00000
__Hbank38                                            bank38       00000
__Hbank39                                            bank39       00000
__Hbank4                                             bank4        00000
__Hbank40                                            bank40       00000
__Hbank41                                            bank41       00000
__Hbank42                                            bank42       00000
__Hbank43                                            bank43       00000
__Hbank44                                            bank44       00000
__Hbank45                                            bank45       00000
__Hbank46                                            bank46       00000
__Hbank47                                            bank47       00000
__Hbank48                                            bank48       00000
__Hbank49                                            bank49       00000
__Hbank5                                             bank5        00000
__Hbank50                                            bank50       00000
__Hbank51                                            bank51       00000
__Hbank52                                            bank52       00000
__Hbank53                                            bank53       00000
__Hbank54                                            bank54       00000
__Hbank55                                            bank55       00000
__Hbank56                                            bank56       00000
__Hbank57                                            bank57       00000
__Hbank58                                            bank58       00000
__Hbank59                                            bank59       00000
__Hbank6                                             bank6        00000
__Hbank60                                            bank60       00000
__Hbank61                                            bank61       00000
__Hbank62                                            bank62       00000
__Hbank63                                            bank63       00000
__Hbank7                                             bank7        00000
__Hbank8                                             bank8        00000
__Hbank9                                             bank9        00000
__Hbigram                                            bigram       00000
__HbssBANK1                                          bssBANK1     00000
__HbssBANK2                                          bssBANK2     00000
__HbssBANK3                                          bssBANK3     00000
__HbssCOMMON                                         bssCOMMON    00000
__Hcinit                                             cinit        00096
__Hclrtext                                           clrtext      00000
__Hcode                                              code         00000
__Hcommon                                            common       00000
__Hconfig                                            config       0800C
__HcstackBANK0                                       cstackBANK0  00000
__HcstackBANK1                                       cstackBANK1  00000
__HcstackBANK2                                       cstackBANK2  00000
__HcstackCOMMON                                      cstackCOMMON 00000
__HdataBANK3                                         dataBANK3    00000
__Heeprom_data                                       eeprom_data  00000
__Hend_init                                          end_init     0004D
__Hfunctab                                           functab      00000
__Hheap                                              heap         00000
__HidataBANK3                                        idataBANK3   00000
__Hidloc                                             idloc        08004
__Hinit                                              init         0004B
__Hintentry                                          intentry     0004B
__Hmaintext                                          maintext     00000
__HnvBANK2                                           nvBANK2      00000
__Hpowerup                                           powerup      00000
__Hram                                               ram          00000
__Hreset_vec                                         reset_vec    00002
__Hsfr0                                              sfr0         00000
__Hsfr1                                              sfr1         00000
__Hsfr10                                             sfr10        00000
__Hsfr11                                             sfr11        00000
__Hsfr12                                             sfr12        00000
__Hsfr13                                             sfr13        00000
__Hsfr14                                             sfr14        00000
__Hsfr15                                             sfr15        00000
__Hsfr16                                             sfr16        00000
__Hsfr17                                             sfr17        00000
__Hsfr18                                             sfr18        00000
__Hsfr19                                             sfr19        00000
__Hsfr2                                              sfr2         00000
__Hsfr20                                             sfr20        00000
__Hsfr21                                             sfr21        00000
__Hsfr22                                             sfr22        00000
__Hsfr23                                             sfr23        00000
__Hsfr24                                             sfr24        00000
__Hsfr25                                             sfr25        00000
__Hsfr26                                             sfr26        00000
__Hsfr27                                             sfr27        00000
__Hsfr28                                             sfr28        00000
__Hsfr29                                             sfr29        00000
__Hsfr3                                              sfr3         00000
__Hsfr30                                             sfr30        00000
__Hsfr31                                             sfr31        00000
__Hsfr32                                             sfr32        00000
__Hsfr33                                             sfr33        00000
__Hsfr34                                             sfr34        00000
__Hsfr35                                             sfr35        00000
__Hsfr36                                             sfr36        00000
__Hsfr37                                             sfr37        00000
__Hsfr38                                             sfr38        00000
__Hsfr39                                             sfr39        00000
__Hsfr4                                              sfr4         00000
__Hsfr40                                             sfr40        00000
__Hsfr41                                             sfr41        00000
__Hsfr42                                             sfr42        00000
__Hsfr43                                             sfr43        00000
__Hsfr44                                             sfr44        00000
__Hsfr45                                             sfr45        00000
__Hsfr46                                             sfr46        00000
__Hsfr47                                             sfr47        00000
__Hsfr48                                             sfr48        00000
__Hsfr49                                             sfr49        00000
__Hsfr5                                              sfr5         00000
__Hsfr50                                             sfr50        00000
__Hsfr51                                             sfr51        00000
__Hsfr52                                             sfr52        00000
__Hsfr53                                             sfr53        00000
__Hsfr54                                             sfr54        00000
__Hsfr55                                             sfr55        00000
__Hsfr56                                             sfr56        00000
__Hsfr57                                             sfr57        00000
__Hsfr58                                             sfr58        00000
__Hsfr59                                             sfr59        00000
__Hsfr6                                              sfr6         00000
__Hsfr60                                             sfr60        00000
__Hsfr61                                             sfr61        00000
__Hsfr62                                             sfr62        00000
__Hsfr63                                             sfr63        00000
__Hsfr7                                              sfr7         00000
__Hsfr8                                              sfr8         00000
__Hsfr9                                              sfr9         00000
__Hspace_0                                           (abs)        02034
__Hspace_1                                           (abs)        001DA
__Hspace_2                                           (abs)        00000
__Hspace_3                                           (abs)        00000
__Hspace_4                                           (abs)        10013
__Hstack                                             stack        00000
__Hstrings                                           strings      00000
__Hstringtext1                                       stringtext1  00000
__Hstringtext10                                      stringtext10 00000
__Hstringtext11                                      stringtext11 00000
__Hstringtext12                                      stringtext12 00000
__Hstringtext13                                      stringtext13 00000
__Hstringtext14                                      stringtext14 00000
__Hstringtext15                                      stringtext15 00000
__Hstringtext16                                      stringtext16 00000
__Hstringtext17                                      stringtext17 00000
__Hstringtext2                                       stringtext2  00000
__Hstringtext3                                       stringtext3  00000
__Hstringtext4                                       stringtext4  00000
__Hstringtext5                                       stringtext5  00000
__Hstringtext6                                       stringtext6  00000
__Hstringtext7                                       stringtext7  00000
__Hstringtext8                                       stringtext8  00000
__Hstringtext9                                       stringtext9  00000
__Htext                                              text         00000
__L__absolute__                                      __absolute__ 00000
__Labs1                                              abs1         00000
__Lbank0                                             bank0        00000
__Lbank1                                             bank1        00000
__Lbank10                                            bank10       00000
__Lbank11                                            bank11       00000
__Lbank12                                            bank12       00000
__Lbank13                                            bank13       00000
__Lbank14                                            bank14       00000
__Lbank15                                            bank15       00000
__Lbank16                                            bank16       00000
__Lbank17                                            bank17       00000
__Lbank18                                            bank18       00000
__Lbank19                                            bank19       00000
__Lbank2                                             bank2        00000
__Lbank20                                            bank20       00000
__Lbank21                                            bank21       00000
__Lbank22                                            bank22       00000
__Lbank23                                            bank23       00000
__Lbank24                                            bank24       00000
__Lbank25                                            bank25       00000
__Lbank26                                            bank26       00000
__Lbank27                                            bank27       00000
__Lbank28                                            bank28       00000
__Lbank29                                            bank29       00000
__Lbank3                                             bank3        00000
__Lbank30                                            bank30       00000
__Lbank31                                            bank31       00000
__Lbank32                                            bank32       00000
__Lbank33                                            bank33       00000
__Lbank34                                            bank34       00000
__Lbank35                                            bank35       00000
__Lbank36                                            bank36       00000
__Lbank37                                            bank37       00000
__Lbank38                                            bank38       00000
__Lbank39                                            bank39       00000
__Lbank4                                             bank4        00000
__Lbank40                                            bank40       00000
__Lbank41                                            bank41       00000
__Lbank42                                            bank42       00000
__Lbank43                                            bank43       00000
__Lbank44                                            bank44       00000
__Lbank45                                            bank45       00000
__Lbank46                                            bank46       00000
__Lbank47                                            bank47       00000
__Lbank48                                            bank48       00000
__Lbank49                                            bank49       00000
__Lbank5                                             bank5        00000
__Lbank50                                            bank50       00000
__Lbank51                                            bank51       00000
__Lbank52                                            bank52       00000
__Lbank53                                            bank53       00000
__Lbank54                                            bank54       00000
__Lbank55                                            bank55       00000
__Lbank56                                            bank56       00000
__Lbank57                                            bank57       00000
__Lbank58                                            bank58       00000
__Lbank59                                            bank59       00000
__Lbank6                                             bank6        00000
__Lbank60                                            bank60       00000
__Lbank61                                            bank61       00000
__Lbank62                                            bank62       00000
__Lbank63                                            bank63       00000
__Lbank7                                             bank7        00000
__Lbank8                                             bank8        00000
__Lbank9                                             bank9        00000
__Lbigram                                            bigram       00000
__LbssBANK1                                          bssBANK1     00000
__LbssBANK2                                          bssBANK2     00000
__LbssBANK3                                          bssBANK3     00000
__LbssCOMMON                                         bssCOMMON    00000
__Lcinit                                             cinit        0004D
__Lclrtext                                           clrtext      00000
__Lcode                                              code         00000
__Lcommon                                            common       00000
__Lconfig                                            config       00000
__LcstackBANK0                                       cstackBANK0  00000
__LcstackBANK1                                       cstackBANK1  00000
__LcstackBANK2                                       cstackBANK2  00000
__LcstackCOMMON                                      cstackCOMMON 00000
__LdataBANK3                                         dataBANK3    00000
[...]
__ptext13                                            text13       01FB9
__ptext14                                            text14       01001
__ptext15                                            text15       01FEE
__ptext16                                            text16       01076
__ptext17                                            text17       010B0
__ptext18                                            text18       01F30
__ptext19                                            text19       01F27
__ptext2                                             text2        01092
__ptext20                                            text20       0101A
__ptext21                                            text21       011F5
__ptext22                                            text22       01F45
__ptext23                                            text23       01F39
__ptext24                                            text24       01F1E
__ptext25                                            text25       0115B
__ptext26                                            text26       01F89
__ptext27                                            text27       01F7A
__ptext28                                            text28       01F6B
__ptext29                                            text29       00800
__ptext3                                             text3        00938
__ptext30                                            text30       01045
__ptext31                                            text31       01F15
__ptext32                                            text32       010EF
__ptext33                                            text33       0171D
__ptext34                                            text34       01336
__ptext35                                            text35       00A2D
__ptext36                                            text36       00096
__ptext37                                            text37       01672
__ptext38                                            text38       010CF
__ptext39                                            text39       005F8
__ptext4                                             text4        01551
__ptext40                                            text40       00DC5
__ptext41                                            text41       01110
__ptext42                                            text42       00BC5
__ptext43                                            text43       013F3
__ptext44                                            text44       01006
__ptext45                                            text45       014D9
__ptext46                                            text46       00002
__ptext47                                            text47       01EF3
__ptext48                                            text48       01EFC
__ptext49                                            text49       01F0C
__ptext5                                             text5        011BD
__ptext50                                            text50       01231
__ptext51                                            text51       0127E
__ptext53                                            text53       0102F
__ptext54                                            text54       01F5D
__ptext55                                            text55       01EF5
__ptext56                                            text56       01F00
__ptext57                                            text57       01000
__ptext58                                            text58       01EF2
__ptext59                                            text59       01EF1
__ptext6                                             text6        01134
__ptext60                                            text60       01464
__ptext61                                            text61       01EF8
__ptext62                                            text62       01EF0
__ptext63                                            text63       01FDC
__ptext64                                            text64       01EEF
__ptext65                                            text65       01FCA
__ptext66                                            text66       01FA8
__ptext7                                             text7        01188
__ptext8                                             text8        0080B
__ptext9                                             text9        012D9
_capturedFq                                          bssBANK2     00166
_ccpCapturedFqFlag                                   bssBANK1     000EF
_dbuf                                                bssBANK3     001B3
_errno                                               bssBANK2     0016A
_eusart1RxBuffer                                     (abs)        02770
_eusart1RxCount                                      bssCOMMON    00073
_eusart1RxHead                                       bssCOMMON    00075
_eusart1RxLastError                                  bssBANK1     000E0
_eusart1RxStatusBuffer                               (abs)        02670
_eusart1RxTail                                       bssCOMMON    00074
_flags                                               bssBANK1     000EE
_fputc                                               text12       01394
_fputs                                               text6        01134
_logf                                                text36       00096
_logf$3215                                           cstackBANK2  00152
_logf$3216                                           cstackBANK2  0012C
_logf$3217                                           cstackBANK2  00130
_logf$3218                                           cstackBANK2  00134
_logf$3219                                           cstackBANK2  00138
_main                                                maintext     00848
_pad                                                 text5        011BD
_prec                                                bssBANK1     000D4
_printf                                              text1        01F98
_putch                                               text13       01FB9
_stoa                                                text10       015CD
_strlen                                              text11       0105C
_strncmp                                             text9        012D9
_tdsProbeTemperature                                 bssBANK1     000D6
_tdsValue                                            bssBANK1     000D8
_timePeriod                                          bssBANK1     000CE
_timer1ReloadVal                                     bssBANK1     000E8
_utoa                                                text4        01551
_vfpfcnvrt                                           text3        00938
_vfpfcnvrt$2768                                      cstackBANK0  00054
_vfprintf                                            text2        01092
_width                                               bssBANK1     000D2
btemp                                                (abs)        0007E
clear_ram0                                           clrtext      01F51
end_of_initialization                                cinit        00092
fputc@c                                              cstackBANK0  00022
fputc@fp                                             cstackBANK0  00024
fputs@c                                              cstackBANK0  00030
fputs@fp                                             cstackBANK0  0002B
fputs@i                                              cstackBANK0  00031
fputs@s                                              cstackBANK0  0002F
int$flags                                            (abs)        0007E
intlevel0                                            functab      00000
intlevel1                                            functab      00000
intlevel2                                            functab      00000
intlevel3                                            functab      00000
intlevel4                                            functab      00000
intlevel5                                            functab      00000
logf@F472                                            bssBANK2     00162
logf@R                                               cstackBANK2  00120
logf@dk                                              cstackBANK2  00142
logf@f                                               cstackBANK2  0015A
logf@hfsq                                            cstackBANK2  0013E
logf@ix                                              cstackBANK2  0015E
logf@k                                               cstackBANK2  0013C
logf@s                                               cstackBANK2  00146
logf@t1                                              cstackBANK2  00124
logf@t2                                              cstackBANK2  00128
logf@u                                               cstackBANK2  00156
logf@w                                               cstackBANK2  0014E
logf@x                                               cstackBANK0  0006C
logf@z                                               cstackBANK2  0014A
main@F9741                                           bssBANK3     001A0
pad@buf                                              cstackBANK0  00035
pad@fp                                               cstackBANK0  00033
pad@i                                                cstackBANK0  00039
pad@p                                                cstackBANK0  00036
pad@w                                                cstackBANK0  0003B
printf@ap                                            cstackBANK0  00064
printf@fmt                                           cstackBANK0  00060
putch@txData                                         cstackBANK0  00021
reset_vec                                            reset_vec    00000
start                                                init         0004B
start_initialization                                 cinit        0004D
stoa@F1149                                           dataBANK3    001D3
stoa@cp                                              cstackBANK0  0003C
stoa@fp                                              cstackBANK0  0002B
stoa@i                                               cstackBANK0  0003A
stoa@l                                               cstackBANK0  0003E
stoa@nuls                                            cstackBANK0  00031
stoa@p                                               cstackBANK0  00040
stoa@s                                               cstackBANK0  0002D
stoa@w                                               cstackBANK0  00038
strlen@a                                             cstackBANK0  00023
strlen@s                                             cstackBANK0  00020
strncmp@_l                                           cstackBANK0  00020
strncmp@_r                                           cstackBANK0  00022
strncmp@l                                            cstackBANK0  00027
strncmp@n                                            cstackBANK0  00024
strncmp@r                                            cstackBANK0  00029
utoa@d                                               cstackBANK0  0003F
utoa@fp                                              cstackBANK0  0003D
utoa@i                                               cstackBANK0  00046
utoa@p                                               cstackBANK0  00044
utoa@w                                               cstackBANK0  00042
vfpfcnvrt@ap                                         cstackBANK0  0004B
vfpfcnvrt@convarg                                    cstackBANK0  00050
vfpfcnvrt@cp                                         cstackBANK0  00056
vfpfcnvrt@fmt                                        cstackBANK0  0004A
vfpfcnvrt@fp                                         cstackBANK0  00048
vfprintf@ap                                          cstackBANK0  0005C
vfprintf@cfmt                                        cstackBANK0  0005E
vfprintf@fmt                                         cstackBANK0  0005A
vfprintf@fp                                          cstackBANK0  00058
wtemp0                                               (abs)        0007E


MODULE INFORMATION

Module		Function		Class		Link	Load	Size
mcc_generated_files/adcc/src/adcc.c
		_ADCC_GetSingleConversion		CODE           	1006	0000	20
		_ADCC_Initialize		CODE           	10EF	0000	33

mcc_generated_files/adcc/src/adcc.c estimated size: 53

C:\Program Files\Microchip\xc8\v2.41\pic\sources\c99\common\Umul8_16.c
		__Umul8_16     		CODE           	1110	0000	36

C:\Program Files\Microchip\xc8\v2.41\pic\sources\c99\common\Umul8_16.c estimated size: 36

C:\Program Files\Microchip\xc8\v2.41\pic\sources\c99\common\fltol.c
		___fltol       		CODE           	13F3	0000	113

C:\Program Files\Microchip\xc8\v2.41\pic\sources\c99\common\fltol.c estimated size: 113

C:\Program Files\Microchip\xc8\v2.41\pic\sources\c99\common\xxtofl.c
		___xxtofl      		CODE           	1672	0000	171

C:\Program Files\Microchip\xc8\v2.41\pic\sources\c99\common\xxtofl.c estimated size: 171

C:\Program Files\Microchip\xc8\v2.41\pic\sources\c99\common\__lldiv.c
		___lldiv       		CODE           	127E	0000	91

C:\Program Files\Microchip\xc8\v2.41\pic\sources\c99\common\__lldiv.c estimated size: 91

C:\Program Files\Microchip\xc8\v2.41\pic\sources\c99\common\strlen.c
		_strlen        		CODE           	105C	0000	26

C:\Program Files\Microchip\xc8\v2.41\pic\sources\c99\common\strlen.c estimated size: 26

C:\Program Files\Microchip\xc8\v2.41\pic\sources\c99\common\nf_fputc.c
		_fputc         		CODE           	1394	0000	95

C:\Program Files\Microchip\xc8\v2.41\pic\sources\c99\common\nf_fputc.c estimated size: 95

mcc_generated_files/timer/src/tmr1.c
		_Timer1_OverflowISR		CODE           	102F	0000	22
		_Timer1_DefaultOverflowCallback		CODE           	1EF2	0000	1
		_Timer1_Write  		CODE           	1FA8	0000	17
		_Timer1_Initialize		CODE           	10B0	0000	31
		_Timer1_OverflowCallbackRegister		CODE           	1F27	0000	9

mcc_generated_files/timer/src/tmr1.c estimated size: 80

C:\Program Files\Microchip\xc8\v2.41\pic\sources\c99\common\logf.c
		_logf          		CODE           	0096	0000	1378

C:\Program Files\Microchip\xc8\v2.41\pic\sources\c99\common\logf.c estimated size: 1378

C:\Program Files\Microchip\xc8\v2.41\pic\sources\c99\common\sprcadd.c
		___flsub       		CODE           	10CF	0000	32
		___fladd       		CODE           	05F8	0000	520

C:\Program Files\Microchip\xc8\v2.41\pic\sources\c99\common\sprcadd.c estimated size: 552

C:\Program Files\Microchip\xc8\v2.41\pic\sources\c99\common\lwdiv.c
		___lwdiv       		CODE           	080B	0000	61

C:\Program Files\Microchip\xc8\v2.41\pic\sources\c99\common\lwdiv.c estimated size: 61

mcc_generated_files/system/src/interrupt.c
		_INT_SetInterruptHandler		CODE           	1F1E	0000	9
		_INTERRUPT_Initialize		CODE           	1F39	0000	12
		_INTERRUPT_InterruptManager		CODE           	0004	0000	71

mcc_generated_files/system/src/interrupt.c estimated size: 92

C:\Program Files\Microchip\xc8\v2.41\pic\sources\c99\common\doprnt.c
		_vfpfcnvrt     		CODE           	0938	0000	245
		_pad           		CODE           	11BD	0000	56
		_vfprintf      		CODE           	1092	0000	30
		_stoa          		CODE           	15CD	0000	165
		_utoa          		CODE           	1551	0000	124

C:\Program Files\Microchip\xc8\v2.41\pic\sources\c99\common\doprnt.c estimated size: 620

mcc_generated_files/opa/src/opa1.c
		_OPA1_Initialize		CODE           	1F45	0000	12

mcc_generated_files/opa/src/opa1.c estimated size: 12

mcc_generated_files/system/src/pins.c
		_PIN_MANAGER_Initialize		CODE           	11F5	0000	60
		_PIN_MANAGER_IOC		CODE           	1EF1	0000	1

mcc_generated_files/system/src/pins.c estimated size: 61

shared
		_Timer1        		STRCODE        	200C	0000	12
		_Lg1           		STRCODE        	0000	0000	0
		_Lg2           		STRCODE        	0000	0000	0
		_Lg3           		STRCODE        	0000	0000	0
		_Lg4           		STRCODE        	0000	0000	0
		__initialization		CODE           	004D	0000	69
		_UART1         		STRCODE        	0000	0000	0
		_ln2_lo        		STRCODE        	0000	0000	0
		_Timer0        		STRCODE        	2000	0000	12
		_ln2_hi        		STRCODE        	0000	0000	0

shared estimated size: 93

C:\Program Files\Microchip\xc8\v2.41\pic\sources\c99\common\nf_fputs.c
		_fputs         		CODE           	1134	0000	39

C:\Program Files\Microchip\xc8\v2.41\pic\sources\c99\common\nf_fputs.c estimated size: 39

mcc_generated_files/system/src/clock.c
		_CLOCK_Initialize		CODE           	0800	0000	11

mcc_generated_files/system/src/clock.c estimated size: 11

mcc_generated_files/timer/src/tmr0.c
		_Timer0_Initialize		CODE           	101A	0000	21
		_Timer0_OverflowCallbackRegister		CODE           	1F30	0000	9
		_Timer0_OverflowISR		CODE           	1F5D	0000	14
		_Timer0_DefaultOverflowCallback		CODE           	1000	0000	1

mcc_generated_files/timer/src/tmr0.c estimated size: 45

main.c
		_GetCapturedFrequency		CODE           	1231	0000	77
		_main          		CODE           	0848	0000	240
		_TMR0_UserOverflowCallback		CODE           	1EF5	0000	3
		_TMR1_GetOverflowCount		CODE           	1EF3	0000	2
		_TMR1_UserOverflowCallback		CODE           	1F00	0000	5
		_TMR1_ResetOverflowCount		CODE           	0002	0000	2
		_GetCapturedTimePeriod		CODE           	14D9	0000	120
		_CCP1_ResetCapturedCount		CODE           	1EFC	0000	4
		_GetWaterTDS   		CODE           	171D	0000	227
		_CCP1_UserCallBack		CODE           	1FCA	0000	18
		_CCP1_GetCapturedCount		CODE           	1F0C	0000	9
		_GetTdsProbeTemperature		CODE           	0A2D	0000	408
		_GetTempCompensatedConductivityValue		CODE           	1336	0000	94

main.c estimated size: 1209

C:\Program Files\Microchip\xc8\v2.41\pic\sources\c99\common\strncmp.c
		_strncmp       		CODE           	12D9	0000	93

C:\Program Files\Microchip\xc8\v2.41\pic\sources\c99\common\strncmp.c estimated size: 93

mcc_generated_files/capture/src/ccp1.c
		_CCP1_SetCallBack		CODE           	1F15	0000	9
		_CCP1_CaptureISR		CODE           	1FDC	0000	18
		_CCP1_DefaultCallBack		CODE           	1EEF	0000	1
		_CCP1_Initialize		CODE           	1045	0000	23

mcc_generated_files/capture/src/ccp1.c estimated size: 51

mcc_generated_files/uart/src/eusart1.c
		_EUSART1_Initialize		CODE           	115B	0000	45
		_EUSART1_ReceiveISR		CODE           	1464	0000	117
		_EUSART1_RxCompleteCallbackRegister		CODE           	1F89	0000	15
		_putch         		CODE           	1FB9	0000	17
		_EUSART1_DefaultFramingErrorCallback		CODE           	1EF0	0000	1
		_EUSART1_Write 		CODE           	1001	0000	5
		_EUSART1_FramingErrorCallbackRegister		CODE           	1F6B	0000	15
		_EUSART1_IsTxReady		CODE           	1FEE	0000	18
		_EUSART1_OverrunErrorCallbackRegister		CODE           	1F7A	0000	15
		_EUSART1_DefaultOverrunErrorCallback		CODE           	1EF8	0000	4

mcc_generated_files/uart/src/eusart1.c estimated size: 252

C:\Program Files\Microchip\xc8\v2.41\pic\sources\c99\common\sprcmul.c
		___flmul       		CODE           	0DC5	0000	571

C:\Program Files\Microchip\xc8\v2.41\pic\sources\c99\common\sprcmul.c estimated size: 571

C:\Program Files\Microchip\xc8\v2.41\pic\sources\c99\common\printf.c
		_printf        		CODE           	1F98	0000	16

C:\Program Files\Microchip\xc8\v2.41\pic\sources\c99\common\printf.c estimated size: 16

mcc_generated_files/system/src/system.c
		_SYSTEM_Initialize		CODE           	1076	0000	28

mcc_generated_files/system/src/system.c estimated size: 28

C:\Program Files\Microchip\xc8\v2.41\pic\sources\c99\common\sprcdiv.c
		___fldiv       		CODE           	0BC5	0000	512

C:\Program Files\Microchip\xc8\v2.41\pic\sources\c99\common\sprcdiv.c estimated size: 512

C:\Program Files\Microchip\xc8\v2.41\pic\sources\c99\common\lwmod.c
		___lwmod       		CODE           	1188	0000	53

C:\Program Files\Microchip\xc8\v2.41\pic\sources\c99\common\lwmod.c estimated size: 53

